###############################################################################
#
# IAR ELF Linker V8.32.2.178/W32 for ARM                  10/Jan/2019  11:33:13
# Copyright 2007-2018 IAR Systems AB.
#
#    Output file  =  
#        C:\Users\s163905\Documents\GitHub\HandOnTheMCU\arm\8.32.2\NXP\LPC24xx\IAR-LPC-2478\evseProject\Flash
#        Debug\Exe\Touch_Demo.out.tmp
#    Map file     =  
#        C:\Users\s163905\Documents\GitHub\HandOnTheMCU\arm\8.32.2\NXP\LPC24xx\IAR-LPC-2478\evseProject\Flash
#        Debug\List\Touch_Demo.map
#    Command line =  
#        -f C:\Users\s163905\AppData\Local\Temp\EW58D2.tmp
#        ("C:\Users\s163905\Documents\GitHub\HandOnTheMCU\arm\8.32.2\NXP\LPC24xx\IAR-LPC-2478\evseProject\Flash
#        Debug\Obj\cursor_arrow.o"
#        "C:\Users\s163905\Documents\GitHub\HandOnTheMCU\arm\8.32.2\NXP\LPC24xx\IAR-LPC-2478\evseProject\Flash
#        Debug\Obj\drv_glcd.o"
#        "C:\Users\s163905\Documents\GitHub\HandOnTheMCU\arm\8.32.2\NXP\LPC24xx\IAR-LPC-2478\evseProject\Flash
#        Debug\Obj\drv_touch_scr.o"
#        "C:\Users\s163905\Documents\GitHub\HandOnTheMCU\arm\8.32.2\NXP\LPC24xx\IAR-LPC-2478\evseProject\Flash
#        Debug\Obj\iar_logo.o"
#        "C:\Users\s163905\Documents\GitHub\HandOnTheMCU\arm\8.32.2\NXP\LPC24xx\IAR-LPC-2478\evseProject\Flash
#        Debug\Obj\main.o"
#        "C:\Users\s163905\Documents\GitHub\HandOnTheMCU\arm\8.32.2\NXP\LPC24xx\IAR-LPC-2478\evseProject\Flash
#        Debug\Obj\sdram_64M_32bit_drv.o"
#        "C:\Users\s163905\Documents\GitHub\HandOnTheMCU\arm\8.32.2\NXP\LPC24xx\IAR-LPC-2478\evseProject\Flash
#        Debug\Obj\sys.o"
#        "C:\Users\s163905\Documents\GitHub\HandOnTheMCU\arm\8.32.2\NXP\LPC24xx\IAR-LPC-2478\evseProject\Flash
#        Debug\Obj\Terminal_18_24x12.o"
#        "C:\Users\s163905\Documents\GitHub\HandOnTheMCU\arm\8.32.2\NXP\LPC24xx\IAR-LPC-2478\evseProject\Flash
#        Debug\Obj\Terminal_6_8x6.o"
#        "C:\Users\s163905\Documents\GitHub\HandOnTheMCU\arm\8.32.2\NXP\LPC24xx\IAR-LPC-2478\evseProject\Flash
#        Debug\Obj\Terminal_9_12x6.o" --redirect _Printf=_PrintfTiny --redirect
#        _Scanf=_ScanfSmallNoMb --no_out_extension -o
#        "C:\Users\s163905\Documents\GitHub\HandOnTheMCU\arm\8.32.2\NXP\LPC24xx\IAR-LPC-2478\evseProject\Flash
#        Debug\Exe\Touch_Demo.out.tmp" --map
#        "C:\Users\s163905\Documents\GitHub\HandOnTheMCU\arm\8.32.2\NXP\LPC24xx\IAR-LPC-2478\evseProject\Flash
#        Debug\List\Touch_Demo.map" --config
#        C:\Users\s163905\Documents\GitHub\HandOnTheMCU\arm\8.32.2\NXP\LPC24xx\IAR-LPC-2478\evseProject\config\LPC2478_Flash.icf
#        --semihosting --entry __iar_program_start --vfe --text_out locale)
#
###############################################################################

*******************************************************************************
*** RUNTIME MODEL ATTRIBUTES
***

CppFlavor       = *
__SystemLibrary = DLib
__dlib_version  = 6


*******************************************************************************
*** HEAP SELECTION
***

The basic heap was selected because no calls to memory allocation
functions were found in the application outside of system library
functions, and there are calls to deallocation functions in the
application.


*******************************************************************************
*** PLACEMENT SUMMARY
***

"A0":  place at 0x0 { ro section .intvec };
"P1":  place in [from 0x0 to 0x1fb] |
                [from 0x200 to 0x7'dfff] { ro };
define block CSTACK with size = 1K, alignment = 8 { };
define block SVC_STACK with size = 256, alignment = 8 { };
define block IRQ_STACK with size = 1K, alignment = 8 { };
define block FIQ_STACK with size = 64, alignment = 8 { };
define block UND_STACK with size = 16, alignment = 8 { };
define block ABT_STACK with size = 16, alignment = 8 { };
define block HEAP with size = 8K, alignment = 8 { };
"P2":  place in [from 0x4000'0000 to 0x4000'003f] |
                [from 0x4000'0120 to 0x4000'ffdf] {
          rw, block CSTACK, block SVC_STACK, block IRQ_STACK, block FIQ_STACK,
          block UND_STACK, block ABT_STACK, block HEAP };
"P6":  place in [from 0x1fc to 0x1ff] { section .crp };
initialize by copy { rw };

No sections matched the following patterns:

  rw data section EMAC_DMA_RAM  in "P4"
  rw data section SDRAM         in "P5"
  rw data section USB_DMA_RAM   in "P3"


  Section            Kind         Address    Size  Object
  -------            ----         -------    ----  ------
"A0":                                        0x3c
  .intvec            ro code          0x0    0x3c  cstartup.o [4]
                                   - 0x3c    0x3c

"P1", part 1 of 2:                           0x30
  .rodata            const           0x3c     0x0  copy_init3.o [4]
  Initializer bytes  const           0x3c    0x30  <for P2 s0>
                                   - 0x6c    0x30

"P6":                                         0x4
  .crp               const          0x1fc     0x4  main.o [1]
                                  - 0x200     0x4

"P1", part 2 of 2:                         0x1cb8
  .text              ro code        0x200   0x5b0  main.o [1]
  .text              ro code        0x7b0    0x58  U32ToDbl.o [3]
  .text              ro code        0x808   0x1f4  DblMul.o [3]
  .text              ro code        0x9fc   0x334  DblDiv.o [3]
  .text              ro code        0xd30    0x84  DblToFlt.o [3]
  .text              ro code        0xdb4    0xa4  FltAdd.o [3]
  .text              ro code        0xe58   0x1c0  FltDiv.o [3]
  .text              ro code       0x1018    0x5c  U32ToFlt.o [3]
  .text              ro code       0x1074   0x148  FltMul.o [3]
  .text              ro code       0x11bc   0x12c  FltSub.o [3]
  .text              ro code       0x12e8    0x34  FltToU32.o [3]
  .text              ro code       0x131c   0x534  sys.o [1]
  .text              ro code       0x1850   0x30c  sdram_64M_32bit_drv.o [1]
  .text              ro code       0x1b5c   0x1a4  I32DivMod.o [4]
  .text              ro code       0x1d00     0x4  IntDivZer.o [4]
  .text              ro code       0x1d04    0x58  cstartup.o [4]
  Veneer             ro code       0x1d5c     0xc  - Linker created -
  .text              ro code       0x1d68    0x30  cmain.o [4]
  .text              ro code       0x1d98     0x8  low_level_init.o [2]
  .text              ro code       0x1da0    0x32  data_init.o [4]
  .text              ro code       0x1dd4     0x4  exit.o [2]
  .text              ro code       0x1dd8    0x20  exit.o [5]
  .text              ro code       0x1df8    0x10  cexit.o [4]
  .text              ro code       0x1e08    0x58  iarttio.o [5]
  .text              ro code       0x1e60     0xc  XShttio.o [2]
  .text              ro code       0x1e6c    0x30  copy_init3.o [4]
  .iar.init_table    const         0x1e9c    0x14  - Linker created -
  .text              ro code       0x1eb0     0x4  vectortrap.o [4]
  .text              ro code       0x1eb4     0x4  xreturnswi.o [5]
                                 - 0x1eb8  0x1cb8

Absolute sections, part 1 of 40:              0x4
  .noinit            uninit   0x3fff'c000     0x4  sys.o [1]
                            - 0x3fff'c004     0x4

Absolute sections, part 2 of 40:              0x4
  .noinit            uninit   0x3fff'c010     0x4  sys.o [1]
                            - 0x3fff'c014     0x4

Absolute sections, part 3 of 40:              0x4
  .noinit            uninit   0x3fff'c020     0x4  sys.o [1]
                            - 0x3fff'c024     0x4

Absolute sections, part 4 of 40:              0xc
  .noinit            uninit   0x3fff'c030     0x4  sys.o [1]
  .noinit            uninit   0x3fff'c034     0x4  main.o [1]
  .noinit            uninit   0x3fff'c038     0x4  main.o [1]
                            - 0x3fff'c03c     0xc

Absolute sections, part 5 of 40:              0x4
  .noinit            uninit   0x3fff'c040     0x4  sys.o [1]
                            - 0x3fff'c044     0x4

Absolute sections, part 6 of 40:              0x4
  .noinit            uninit   0x3fff'c050     0x4  sys.o [1]
                            - 0x3fff'c054     0x4

Absolute sections, part 7 of 40:              0x4
  .noinit            uninit   0x3fff'c060     0x4  sys.o [1]
                            - 0x3fff'c064     0x4

Absolute sections, part 8 of 40:              0x4
  .noinit            uninit   0x3fff'c070     0x4  sys.o [1]
                            - 0x3fff'c074     0x4

Absolute sections, part 9 of 40:              0x4
  .noinit            uninit   0x3fff'c080     0x4  sys.o [1]
                            - 0x3fff'c084     0x4

Absolute sections, part 10 of 40:             0x4
  .noinit            uninit   0x3fff'c090     0x4  sys.o [1]
                            - 0x3fff'c094     0x4

"P2", part 1 of 2:                           0x30
  P2 s0                       0x4000'0120    0x30  <Init block>
    .data            inited   0x4000'0120     0x8  XShttio.o [2]
    .data            inited   0x4000'0128     0x4  main.o [1]
    .bss             inited   0x4000'012c     0x4  main.o [1]
    .bss             inited   0x4000'0130     0x4  main.o [1]
    .bss             inited   0x4000'0134     0x4  main.o [1]
    .bss             inited   0x4000'0138     0x4  main.o [1]
    .bss             inited   0x4000'013c     0x4  main.o [1]
    .bss             inited   0x4000'0140     0x4  main.o [1]
    .bss             inited   0x4000'0144     0x4  main.o [1]
    .bss             inited   0x4000'0148     0x4  main.o [1]
    .bss             inited   0x4000'014c     0x4  main.o [1]
                            - 0x4000'0150    0x30

"P2", part 2 of 2:                          0x840
  CSTACK                      0x4000'0150   0x400  <Block>
    CSTACK           uninit   0x4000'0150   0x400  <Block tail>
  IRQ_STACK                   0x4000'0550   0x400  <Block>
    IRQ_STACK        uninit   0x4000'0550   0x400  <Block tail>
  FIQ_STACK                   0x4000'0950    0x40  <Block>
    FIQ_STACK        uninit   0x4000'0950    0x40  <Block tail>
                            - 0x4000'0990   0x840

Absolute sections, part 11 of 40:             0x8
  .noinit            uninit   0xe000'8000     0x4  main.o [1]
  .noinit            uninit   0xe000'8004     0x4  main.o [1]
                            - 0xe000'8008     0x8

Absolute sections, part 12 of 40:             0x4
  .noinit            uninit   0xe000'800c     0x4  main.o [1]
                            - 0xe000'8010     0x4

Absolute sections, part 13 of 40:             0x4
  .noinit            uninit   0xe000'8014     0x4  main.o [1]
                            - 0xe000'8018     0x4

Absolute sections, part 14 of 40:             0x4
  .noinit            uninit   0xe000'801c     0x4  main.o [1]
                            - 0xe000'8020     0x4

Absolute sections, part 15 of 40:             0x4
  .noinit            uninit   0xe000'8070     0x4  main.o [1]
                            - 0xe000'8074     0x4

Absolute sections, part 16 of 40:             0x4
  .noinit            uninit   0xe002'8008     0x4  sys.o [1]
                            - 0xe002'800c     0x4

Absolute sections, part 17 of 40:             0x4
  .noinit            uninit   0xe002'8018     0x4  sys.o [1]
                            - 0xe002'801c     0x4

Absolute sections, part 18 of 40:            0x28
  .noinit            uninit   0xe002'c000     0x4  sys.o [1]
  .noinit            uninit   0xe002'c004     0x4  sys.o [1]
  .noinit            uninit   0xe002'c008     0x4  sys.o [1]
  .noinit            uninit   0xe002'c00c     0x4  sys.o [1]
  .noinit            uninit   0xe002'c010     0x4  sys.o [1]
  .noinit            uninit   0xe002'c014     0x4  sys.o [1]
  .noinit            uninit   0xe002'c018     0x4  sys.o [1]
  .noinit            uninit   0xe002'c01c     0x4  sys.o [1]
  .noinit            uninit   0xe002'c020     0x4  sys.o [1]
  .noinit            uninit   0xe002'c024     0x4  sys.o [1]
                            - 0xe002'c028    0x28

Absolute sections, part 19 of 40:             0x4
  .noinit            uninit   0xe002'c044     0x4  main.o [1]
                            - 0xe002'c048     0x4

Absolute sections, part 20 of 40:            0x14
  .noinit            uninit   0xe002'c054     0x4  sdram_64M_32bit_drv.o [1]
  .noinit            uninit   0xe002'c058     0x4  sdram_64M_32bit_drv.o [1]
  .noinit            uninit   0xe002'c05c     0x4  sdram_64M_32bit_drv.o [1]
  .noinit            uninit   0xe002'c060     0x4  sdram_64M_32bit_drv.o [1]
  .noinit            uninit   0xe002'c064     0x4  sdram_64M_32bit_drv.o [1]
                            - 0xe002'c068    0x14

Absolute sections, part 21 of 40:             0x4
  .noinit            uninit   0xe003'4000     0x4  main.o [1]
                            - 0xe003'4004     0x4

Absolute sections, part 22 of 40:             0x4
  .noinit            uninit   0xe003'400c     0x4  main.o [1]
                            - 0xe003'4010     0x4

Absolute sections, part 23 of 40:             0x4
  .noinit            uninit   0xe003'4018     0x4  main.o [1]
                            - 0xe003'401c     0x4

Absolute sections, part 24 of 40:             0x4
  .noinit            uninit   0xe006'c000     0x4  main.o [1]
                            - 0xe006'c004     0x4

Absolute sections, part 25 of 40:             0x8
  .noinit            uninit   0xe01f'c000     0x4  main.o [1]
  .noinit            uninit   0xe01f'c004     0x4  main.o [1]
                            - 0xe01f'c008     0x8

Absolute sections, part 26 of 40:            0x10
  .noinit            uninit   0xe01f'c080     0x4  sys.o [1]
  .noinit            uninit   0xe01f'c084     0x4  sys.o [1]
  .noinit            uninit   0xe01f'c088     0x4  sys.o [1]
  .noinit            uninit   0xe01f'c08c     0x4  sys.o [1]
                            - 0xe01f'c090    0x10

Absolute sections, part 27 of 40:             0x4
  .noinit            uninit   0xe01f'c0c4     0x4  sys.o [1]
                            - 0xe01f'c0c8     0x4

Absolute sections, part 28 of 40:             0xc
  .noinit            uninit   0xe01f'c104     0x4  sys.o [1]
  .noinit            uninit   0xe01f'c108     0x4  sys.o [1]
  .noinit            uninit   0xe01f'c10c     0x4  sys.o [1]
                            - 0xe01f'c110     0xc

Absolute sections, part 29 of 40:             0x4
  .noinit            uninit   0xe01f'c188     0x4  sys.o [1]
                            - 0xe01f'c18c     0x4

Absolute sections, part 30 of 40:             0x4
  .noinit            uninit   0xe01f'c1a0     0x4  sys.o [1]
                            - 0xe01f'c1a4     0x4

Absolute sections, part 31 of 40:             0x8
  .noinit            uninit   0xe01f'c1a8     0x4  sys.o [1]
  .noinit            uninit   0xe01f'c1ac     0x4  sys.o [1]
                            - 0xe01f'c1b0     0x8

Absolute sections, part 32 of 40:             0x4
  .noinit            uninit   0xffe0'8000     0x4  sdram_64M_32bit_drv.o [1]
                            - 0xffe0'8004     0x4

Absolute sections, part 33 of 40:             0xc
  .noinit            uninit   0xffe0'8020     0x4  sdram_64M_32bit_drv.o [1]
  .noinit            uninit   0xffe0'8024     0x4  sdram_64M_32bit_drv.o [1]
  .noinit            uninit   0xffe0'8028     0x4  sdram_64M_32bit_drv.o [1]
                            - 0xffe0'802c     0xc

Absolute sections, part 34 of 40:            0x2c
  .noinit            uninit   0xffe0'8030     0x4  sdram_64M_32bit_drv.o [1]
  .noinit            uninit   0xffe0'8034     0x4  sdram_64M_32bit_drv.o [1]
  .noinit            uninit   0xffe0'8038     0x4  sdram_64M_32bit_drv.o [1]
  .noinit            uninit   0xffe0'803c     0x4  sdram_64M_32bit_drv.o [1]
  .noinit            uninit   0xffe0'8040     0x4  sdram_64M_32bit_drv.o [1]
  .noinit            uninit   0xffe0'8044     0x4  sdram_64M_32bit_drv.o [1]
  .noinit            uninit   0xffe0'8048     0x4  sdram_64M_32bit_drv.o [1]
  .noinit            uninit   0xffe0'804c     0x4  sdram_64M_32bit_drv.o [1]
  .noinit            uninit   0xffe0'8050     0x4  sdram_64M_32bit_drv.o [1]
  .noinit            uninit   0xffe0'8054     0x4  sdram_64M_32bit_drv.o [1]
  .noinit            uninit   0xffe0'8058     0x4  sdram_64M_32bit_drv.o [1]
                            - 0xffe0'805c    0x2c

Absolute sections, part 35 of 40:             0x8
  .noinit            uninit   0xffe0'8100     0x4  sdram_64M_32bit_drv.o [1]
  .noinit            uninit   0xffe0'8104     0x4  sdram_64M_32bit_drv.o [1]
                            - 0xffe0'8108     0x8

Absolute sections, part 36 of 40:             0xc
  .noinit            uninit   0xffff'f00c     0x4  sys.o [1]
  .noinit            uninit   0xffff'f010     0x4  main.o [1]
  .noinit            uninit   0xffff'f014     0x4  sys.o [1]
                            - 0xffff'f018     0xc

Absolute sections, part 37 of 40:             0x8
  .noinit            uninit   0xffff'f01c     0x4  sys.o [1]
  .noinit            uninit   0xffff'f020     0x4  sys.o [1]
                            - 0xffff'f024     0x8

Absolute sections, part 38 of 40:             0x4
  .noinit            uninit   0xffff'f100     0x4  sys.o [1]
                            - 0xffff'f104     0x4

Absolute sections, part 39 of 40:             0x4
  .noinit            uninit   0xffff'f200     0x4  sys.o [1]
                            - 0xffff'f204     0x4

Absolute sections, part 40 of 40:             0x4
  .noinit            uninit   0xffff'ff00     0x4  sys.o [1]
                            - 0xffff'ff04     0x4

Unused ranges:

         From           To      Size
         ----           --      ----
         0x6c        0x1fb     0x190
       0x1eb8     0x7'dfff  0x7'c148
  0x4000'0000  0x4000'003f      0x40
  0x4000'0990  0x4000'ffdf    0xf650


*******************************************************************************
*** INIT TABLE
***

          Address      Size
          -------      ----
Copy (__iar_copy_init3)
    1 source range, total size 0x30:
                 0x3c  0x30
    1 destination range, total size 0x30:
          0x4000'0120  0x30



*******************************************************************************
*** MODULE SUMMARY
***

    Module                 ro code  ro data  rw data  rw data
                                                       (abs)
    ------                 -------  -------  -------  -------
command line/config:
    ---------------------------------------------------------
    Total:

C:\Users\s163905\Documents\GitHub\HandOnTheMCU\arm\8.32.2\NXP\LPC24xx\IAR-LPC-2478\evseProject\Flash Debug\Obj: [1]
    main.o                   1 456       44       40       64
    sdram_64M_32bit_drv.o      780                         88
    sys.o                    1 332                        164
    ---------------------------------------------------------
    Total:                   3 568       44       40      316

dl4t_aln.a: [2]
    XShttio.o                   12        8        8
    exit.o                       4
    low_level_init.o             8
    ---------------------------------------------------------
    Total:                      24        8        8

m4t_al.a: [3]
    DblDiv.o                   820
    DblMul.o                   500
    DblToFlt.o                 132
    FltAdd.o                   164
    FltDiv.o                   448
    FltMul.o                   328
    FltSub.o                   300
    FltToU32.o                  52
    U32ToDbl.o                  88
    U32ToFlt.o                  92
    ---------------------------------------------------------
    Total:                   2 924

rt4t_al.a: [4]
    I32DivMod.o                420
    IntDivZer.o                  4
    cexit.o                     16
    cmain.o                     48
    copy_init3.o                48
    cstartup.o                 148
    data_init.o                 50
    vectortrap.o                 4
    ---------------------------------------------------------
    Total:                     738

shs_l.a: [5]
    exit.o                      32
    iarttio.o                   88
    xreturnswi.o                 4
    ---------------------------------------------------------
    Total:                     124

    Gaps                         2
    Linker created              12       20    2 112
-------------------------------------------------------------
    Grand Total:             7 392       72    2 160      316


*******************************************************************************
*** ENTRY LIST
***

Entry                       Address   Size  Type      Object
-----                       -------   ----  ----      ------
.iar.init_table$$Base        0x1e9c          --   Gb  - Linker created -
.iar.init_table$$Limit       0x1eb0          --   Gb  - Linker created -
?main                        0x1d68         Code  Gb  cmain.o [4]
ADC_Init                      0x4c4   0xe4  Code  Gb  main.o [1]
Abort_Handler                0x1eb0         Code  Wk  vectortrap.o [4]
CSTACK$$Base            0x4000'0150          --   Gb  - Linker created -
CSTACK$$Limit           0x4000'0550          --   Gb  - Linker created -
FIQ_Handler                  0x131c    0x4  Code  Gb  sys.o [1]
FIQ_STACK$$Base         0x4000'0950          --   Gb  - Linker created -
FIQ_STACK$$Limit        0x4000'0990          --   Gb  - Linker created -
GpioInit                     0x1700  0x104  Code  Gb  sys.o [1]
IRQ_Handler                  0x1320   0x38  Code  Gb  sys.o [1]
IRQ_STACK$$Base         0x4000'0550          --   Gb  - Linker created -
IRQ_STACK$$Limit        0x4000'0950          --   Gb  - Linker created -
InitClock                    0x1418  0x1bc  Code  Gb  sys.o [1]
Prefetch_Handler             0x1eb0         Code  Wk  vectortrap.o [4]
Region$$Table$$Base          0x1e9c          --   Gb  - Linker created -
Region$$Table$$Limit         0x1eb0          --   Gb  - Linker created -
SDRAM_BASE_ADDR {Abs}   0xa000'0000         Data  Gb  <internal module>
SDRAM_Init                   0x1850  0x27c  Code  Gb  sdram_64M_32bit_drv.o [1]
SWI_Handler                  0x1eb0         Code  Wk  vectortrap.o [4]
SYS_GetFpclk                 0x1698   0x68  Code  Gb  sys.o [1]
SYS_GetFsclk                 0x15d4   0xc4  Code  Gb  sys.o [1]
T                       0x4000'0148    0x4  Data  Gb  main.o [1]
T1MR1                   0xe000'801c    0x4  Data  Gb  main.o [1]
T1PR                    0xe000'800c    0x4  Data  Gb  main.o [1]
TIMER1IntrHandler             0x2b8  0x204  Code  Gb  main.o [1]
Undefined_Handler            0x1eb0         Code  Wk  vectortrap.o [4]
VICADDRESS              0xffff'ff00    0x4  Data  Gb  sys.o [1]
VICVECTADDR0            0xffff'f100    0x4  Data  Gb  sys.o [1]
VIC_Init                     0x1358   0x78  Code  Gb  sys.o [1]
VIC_SetVectoredIRQ           0x13d0   0x48  Code  Gb  sys.o [1]
_A_AD0CR                0xe003'4000    0x4  Data  Gb  main.o [1]
_A_ADDR2                0xe003'4018    0x4  Data  Gb  main.o [1]
_A_ADINTEN              0xe003'400c    0x4  Data  Gb  main.o [1]
_A_AHBCFG1              0xe01f'c188    0x4  Data  Gb  sys.o [1]
_A_CCLKCFG              0xe01f'c104    0x4  Data  Gb  sys.o [1]
_A_CLKSRCSEL            0xe01f'c10c    0x4  Data  Gb  sys.o [1]
_A_DACR                 0xe006'c000    0x4  Data  Gb  main.o [1]
_A_EMCCONTROL           0xffe0'8000    0x4  Data  Gb  sdram_64M_32bit_drv.o [1]
_A_EMCDINAMICCTRL       0xffe0'8020    0x4  Data  Gb  sdram_64M_32bit_drv.o [1]
_A_EMCDINAMICRDCFG      0xffe0'8028    0x4  Data  Gb  sdram_64M_32bit_drv.o [1]
_A_EMCDINAMICRFR        0xffe0'8024    0x4  Data  Gb  sdram_64M_32bit_drv.o [1]
_A_EMCDYNAMICAPR        0xffe0'803c    0x4  Data  Gb  sdram_64M_32bit_drv.o [1]
_A_EMCDYNAMICCFG0       0xffe0'8100    0x4  Data  Gb  sdram_64M_32bit_drv.o [1]
_A_EMCDYNAMICDAL        0xffe0'8040    0x4  Data  Gb  sdram_64M_32bit_drv.o [1]
_A_EMCDYNAMICMRD        0xffe0'8058    0x4  Data  Gb  sdram_64M_32bit_drv.o [1]
_A_EMCDYNAMICRAS        0xffe0'8034    0x4  Data  Gb  sdram_64M_32bit_drv.o [1]
_A_EMCDYNAMICRASCAS0    0xffe0'8104    0x4  Data  Gb  sdram_64M_32bit_drv.o [1]
_A_EMCDYNAMICRC         0xffe0'8048    0x4  Data  Gb  sdram_64M_32bit_drv.o [1]
_A_EMCDYNAMICRFC        0xffe0'804c    0x4  Data  Gb  sdram_64M_32bit_drv.o [1]
_A_EMCDYNAMICRP         0xffe0'8030    0x4  Data  Gb  sdram_64M_32bit_drv.o [1]
_A_EMCDYNAMICRRD        0xffe0'8054    0x4  Data  Gb  sdram_64M_32bit_drv.o [1]
_A_EMCDYNAMICSREX       0xffe0'8038    0x4  Data  Gb  sdram_64M_32bit_drv.o [1]
_A_EMCDYNAMICWR         0xffe0'8044    0x4  Data  Gb  sdram_64M_32bit_drv.o [1]
_A_EMCDYNAMICXSR        0xffe0'8050    0x4  Data  Gb  sdram_64M_32bit_drv.o [1]
_A_FIO0DIR              0x3fff'c000    0x4  Data  Gb  sys.o [1]
_A_FIO0MASK             0x3fff'c010    0x4  Data  Gb  sys.o [1]
_A_FIO1DIR              0x3fff'c020    0x4  Data  Gb  sys.o [1]
_A_FIO1MASK             0x3fff'c030    0x4  Data  Gb  sys.o [1]
_A_FIO1PIN              0x3fff'c034    0x4  Data  Gb  main.o [1]
_A_FIO1SET              0x3fff'c038    0x4  Data  Gb  main.o [1]
_A_FIO2DIR              0x3fff'c040    0x4  Data  Gb  sys.o [1]
_A_FIO2MASK             0x3fff'c050    0x4  Data  Gb  sys.o [1]
_A_FIO3DIR              0x3fff'c060    0x4  Data  Gb  sys.o [1]
_A_FIO3MASK             0x3fff'c070    0x4  Data  Gb  sys.o [1]
_A_FIO4DIR              0x3fff'c080    0x4  Data  Gb  sys.o [1]
_A_FIO4MASK             0x3fff'c090    0x4  Data  Gb  sys.o [1]
_A_IO0DIR               0xe002'8008    0x4  Data  Gb  sys.o [1]
_A_IO1DIR               0xe002'8018    0x4  Data  Gb  sys.o [1]
_A_MAMCR                0xe01f'c000    0x4  Data  Gb  main.o [1]
_A_MAMTIM               0xe01f'c004    0x4  Data  Gb  main.o [1]
_A_PCLKSEL0             0xe01f'c1a8    0x4  Data  Gb  sys.o [1]
_A_PCLKSEL1             0xe01f'c1ac    0x4  Data  Gb  sys.o [1]
_A_PCONP                0xe01f'c0c4    0x4  Data  Gb  sys.o [1]
_A_PINMODE1             0xe002'c044    0x4  Data  Gb  main.o [1]
_A_PINMODE5             0xe002'c054    0x4  Data  Gb  sdram_64M_32bit_drv.o [1]
_A_PINMODE6             0xe002'c058    0x4  Data  Gb  sdram_64M_32bit_drv.o [1]
_A_PINMODE7             0xe002'c05c    0x4  Data  Gb  sdram_64M_32bit_drv.o [1]
_A_PINMODE8             0xe002'c060    0x4  Data  Gb  sdram_64M_32bit_drv.o [1]
_A_PINMODE9             0xe002'c064    0x4  Data  Gb  sdram_64M_32bit_drv.o [1]
_A_PINSEL0              0xe002'c000    0x4  Data  Gb  sys.o [1]
_A_PINSEL1              0xe002'c004    0x4  Data  Gb  sys.o [1]
_A_PINSEL2              0xe002'c008    0x4  Data  Gb  sys.o [1]
_A_PINSEL3              0xe002'c00c    0x4  Data  Gb  sys.o [1]
_A_PINSEL4              0xe002'c010    0x4  Data  Gb  sys.o [1]
_A_PINSEL5              0xe002'c014    0x4  Data  Gb  sys.o [1]
_A_PINSEL6              0xe002'c018    0x4  Data  Gb  sys.o [1]
_A_PINSEL7              0xe002'c01c    0x4  Data  Gb  sys.o [1]
_A_PINSEL8              0xe002'c020    0x4  Data  Gb  sys.o [1]
_A_PINSEL9              0xe002'c024    0x4  Data  Gb  sys.o [1]
_A_PLLCFG               0xe01f'c084    0x4  Data  Gb  sys.o [1]
_A_PLLCON               0xe01f'c080    0x4  Data  Gb  sys.o [1]
_A_PLLFEED              0xe01f'c08c    0x4  Data  Gb  sys.o [1]
_A_PLLSTAT              0xe01f'c088    0x4  Data  Gb  sys.o [1]
_A_SCS                  0xe01f'c1a0    0x4  Data  Gb  sys.o [1]
_A_T1CTCR               0xe000'8070    0x4  Data  Gb  main.o [1]
_A_T1IR                 0xe000'8000    0x4  Data  Gb  main.o [1]
_A_T1MCR                0xe000'8014    0x4  Data  Gb  main.o [1]
_A_T1TCR                0xe000'8004    0x4  Data  Gb  main.o [1]
_A_USBCLKCFG            0xe01f'c108    0x4  Data  Gb  sys.o [1]
_A_VICINTENABLE         0xffff'f010    0x4  Data  Gb  main.o [1]
_A_VICINTENCLEAR        0xffff'f014    0x4  Data  Gb  sys.o [1]
_A_VICINTSELECT         0xffff'f00c    0x4  Data  Gb  sys.o [1]
_A_VICPROTECTION        0xffff'f020    0x4  Data  Gb  sys.o [1]
_A_VICSOFTINTCLEAR      0xffff'f01c    0x4  Data  Gb  sys.o [1]
_A_VICVECTPRIORITY0     0xffff'f200    0x4  Data  Gb  sys.o [1]
__aeabi_d2f                   0xd30         Code  Gb  DblToFlt.o [3]
__aeabi_ddiv                  0x9fc         Code  Gb  DblDiv.o [3]
__aeabi_dmul                  0x808         Code  Gb  DblMul.o [3]
__aeabi_f2uiz                0x12e8         Code  Gb  FltToU32.o [3]
__aeabi_fadd                  0xdb4         Code  Gb  FltAdd.o [3]
__aeabi_fdiv                  0xe58         Code  Gb  FltDiv.o [3]
__aeabi_fmul                 0x1074         Code  Gb  FltMul.o [3]
__aeabi_fsub                 0x11bc         Code  Gb  FltSub.o [3]
__aeabi_idiv0                0x1d00         Code  Gb  IntDivZer.o [4]
__aeabi_ui2d                  0x7b0         Code  Gb  U32ToDbl.o [3]
__aeabi_ui2f                 0x1018         Code  Gb  U32ToFlt.o [3]
__aeabi_uidiv                0x1b5c         Code  Gb  I32DivMod.o [4]
__aeabi_uidivmod             0x1b5c         Code  Gb  I32DivMod.o [4]
__cmain                      0x1d68         Code  Gb  cmain.o [4]
__exit                       0x1dd8   0x20  Code  Gb  exit.o [5]
__iar_SubNrm                 0x1190         Code  Gb  FltMul.o [3]
__iar_close_ttio             0x1e08   0x58  Code  Gb  iarttio.o [5]
__iar_copy_init3             0x1e6d   0x30  Code  Gb  copy_init3.o [4]
__iar_data_init3             0x1da1   0x30  Code  Gb  data_init.o [4]
__iar_fadd                    0xdc0         Code  Gb  FltAdd.o [3]
__iar_fsub                   0x11c8         Code  Gb  FltSub.o [3]
__iar_fsubStart              0x11d8         Code  Gb  FltSub.o [3]
__iar_lookup_ttioh           0x1e60    0xc  Code  Gb  XShttio.o [2]
__iar_program_start          0x1d04         Code  Gb  cstartup.o [4]
__iar_return_from_swi        0x1eb4    0x4  Code  Gb  xreturnswi.o [5]
__iar_ttio_handles      0x4000'0120    0x8  Data  Lc  XShttio.o [2]
__low_level_init             0x1d98    0x8  Code  Gb  low_level_init.o [2]
__vector                        0x0         Data  Gb  cstartup.o [4]
_call_main                   0x1d80         Code  Gb  cmain.o [4]
_exit                        0x1df8         Code  Gb  cexit.o [4]
_main                        0x1d88         Code  Gb  cmain.o [4]
crosstick               0x4000'0140    0x4  Data  Gb  main.o [1]
crosstick_old           0x4000'0144    0x4  Data  Gb  main.o [1]
crp                           0x1fc    0x4  Data  Gb  main.o [1]
exit                         0x1dd4    0x4  Code  Gb  exit.o [2]
lowPass                       0x200   0xb8  Code  Gb  main.o [1]
main                          0x5a8  0x1b8  Code  Gb  main.o [1]
t_old                   0x4000'0138    0x4  Data  Gb  main.o [1]
tickCrossingZero        0x4000'014c    0x4  Data  Gb  main.o [1]
timetick                0x4000'012c    0x4  Data  Gb  main.o [1]
waitingForCross         0x4000'0128    0x4  Data  Gb  main.o [1]
x                       0x4000'0130    0x4  Data  Gb  main.o [1]
x_old                   0x4000'013c    0x4  Data  Gb  main.o [1]
y_old                   0x4000'0134    0x4  Data  Gb  main.o [1]


[1] = C:\Users\s163905\Documents\GitHub\HandOnTheMCU\arm\8.32.2\NXP\LPC24xx\IAR-LPC-2478\evseProject\Flash Debug\Obj
[2] = dl4t_aln.a
[3] = m4t_al.a
[4] = rt4t_al.a
[5] = shs_l.a

  7 392 bytes of readonly  code memory
     72 bytes of readonly  data memory
  2 160 bytes of readwrite data memory (+ 316 absolute)

Errors: none
Warnings: none
