###############################################################################
#
# IAR ELF Linker V8.32.2.178/W32 for ARM                  15/Jan/2019  17:49:18
# Copyright 2007-2018 IAR Systems AB.
#
#    Output file  =  
#        C:\Users\s163905\Documents\GitHub\HandOnTheMCU\arm\8.32.2\NXP\LPC24xx\IAR-LPC-2478\evseProject\Flash
#        Debug\Exe\Touch_Demo.out.tmp
#    Map file     =  
#        C:\Users\s163905\Documents\GitHub\HandOnTheMCU\arm\8.32.2\NXP\LPC24xx\IAR-LPC-2478\evseProject\Flash
#        Debug\List\Touch_Demo.map
#    Command line =  
#        -f C:\Users\s163905\AppData\Local\Temp\EW7CDF.tmp
#        ("C:\Users\s163905\Documents\GitHub\HandOnTheMCU\arm\8.32.2\NXP\LPC24xx\IAR-LPC-2478\evseProject\Flash
#        Debug\Obj\blackScreen.o"
#        "C:\Users\s163905\Documents\GitHub\HandOnTheMCU\arm\8.32.2\NXP\LPC24xx\IAR-LPC-2478\evseProject\Flash
#        Debug\Obj\cursor_arrow.o"
#        "C:\Users\s163905\Documents\GitHub\HandOnTheMCU\arm\8.32.2\NXP\LPC24xx\IAR-LPC-2478\evseProject\Flash
#        Debug\Obj\drv_glcd.o"
#        "C:\Users\s163905\Documents\GitHub\HandOnTheMCU\arm\8.32.2\NXP\LPC24xx\IAR-LPC-2478\evseProject\Flash
#        Debug\Obj\drv_touch_scr.o"
#        "C:\Users\s163905\Documents\GitHub\HandOnTheMCU\arm\8.32.2\NXP\LPC24xx\IAR-LPC-2478\evseProject\Flash
#        Debug\Obj\iar_logo.o"
#        "C:\Users\s163905\Documents\GitHub\HandOnTheMCU\arm\8.32.2\NXP\LPC24xx\IAR-LPC-2478\evseProject\Flash
#        Debug\Obj\main.o"
#        "C:\Users\s163905\Documents\GitHub\HandOnTheMCU\arm\8.32.2\NXP\LPC24xx\IAR-LPC-2478\evseProject\Flash
#        Debug\Obj\printing.o"
#        "C:\Users\s163905\Documents\GitHub\HandOnTheMCU\arm\8.32.2\NXP\LPC24xx\IAR-LPC-2478\evseProject\Flash
#        Debug\Obj\redScreen.o"
#        "C:\Users\s163905\Documents\GitHub\HandOnTheMCU\arm\8.32.2\NXP\LPC24xx\IAR-LPC-2478\evseProject\Flash
#        Debug\Obj\sdram_64M_32bit_drv.o"
#        "C:\Users\s163905\Documents\GitHub\HandOnTheMCU\arm\8.32.2\NXP\LPC24xx\IAR-LPC-2478\evseProject\Flash
#        Debug\Obj\sys.o"
#        "C:\Users\s163905\Documents\GitHub\HandOnTheMCU\arm\8.32.2\NXP\LPC24xx\IAR-LPC-2478\evseProject\Flash
#        Debug\Obj\Terminal_18_24x12.o"
#        "C:\Users\s163905\Documents\GitHub\HandOnTheMCU\arm\8.32.2\NXP\LPC24xx\IAR-LPC-2478\evseProject\Flash
#        Debug\Obj\Terminal_6_8x6.o"
#        "C:\Users\s163905\Documents\GitHub\HandOnTheMCU\arm\8.32.2\NXP\LPC24xx\IAR-LPC-2478\evseProject\Flash
#        Debug\Obj\Terminal_9_12x6.o" --redirect _Printf=_PrintfTiny --redirect
#        _Scanf=_ScanfSmallNoMb --no_out_extension -o
#        "C:\Users\s163905\Documents\GitHub\HandOnTheMCU\arm\8.32.2\NXP\LPC24xx\IAR-LPC-2478\evseProject\Flash
#        Debug\Exe\Touch_Demo.out.tmp" --map
#        "C:\Users\s163905\Documents\GitHub\HandOnTheMCU\arm\8.32.2\NXP\LPC24xx\IAR-LPC-2478\evseProject\Flash
#        Debug\List\Touch_Demo.map" --config
#        C:\Users\s163905\Documents\GitHub\HandOnTheMCU\arm\8.32.2\NXP\LPC24xx\IAR-LPC-2478\evseProject\config\LPC2478_Flash.icf
#        --semihosting --entry __iar_program_start --vfe --text_out locale)
#
###############################################################################

*******************************************************************************
*** RUNTIME MODEL ATTRIBUTES
***

CppFlavor       = *
__SystemLibrary = DLib
__dlib_version  = 6


*******************************************************************************
*** HEAP SELECTION
***

The basic heap was selected because no calls to memory allocation
functions were found in the application outside of system library
functions, and there are calls to deallocation functions in the
application.


*******************************************************************************
*** PLACEMENT SUMMARY
***

"A0":  place at 0x0 { ro section .intvec };
"P1":  place in [from 0x0 to 0x1fb] |
                [from 0x200 to 0x7'dfff] { ro };
define block CSTACK with size = 1K, alignment = 8 { };
define block SVC_STACK with size = 256, alignment = 8 { };
define block IRQ_STACK with size = 1K, alignment = 8 { };
define block FIQ_STACK with size = 64, alignment = 8 { };
define block UND_STACK with size = 16, alignment = 8 { };
define block ABT_STACK with size = 16, alignment = 8 { };
define block HEAP with size = 8K, alignment = 8 { };
"P2":  place in [from 0x4000'0000 to 0x4000'003f] |
                [from 0x4000'0120 to 0x4000'ffdf] {
          rw, block CSTACK, block SVC_STACK, block IRQ_STACK, block FIQ_STACK,
          block UND_STACK, block ABT_STACK, block HEAP };
"P6":  place in [from 0x1fc to 0x1ff] { section .crp };
initialize by copy { rw };

No sections matched the following patterns:

  rw data section EMAC_DMA_RAM  in "P4"
  rw data section SDRAM         in "P5"
  rw data section USB_DMA_RAM   in "P3"


  Section            Kind         Address     Size  Object
  -------            ----         -------     ----  ------
"A0":                                         0x3c
  .intvec            ro code          0x0     0x3c  cstartup.o [4]
                                   - 0x3c     0x3c

"P1", part 1 of 2:                            0x54
  .rodata            const           0x3c      0x0  zero_init3.o [4]
  .rodata            const           0x3c      0x0  copy_init3.o [4]
  Initializer bytes  const           0x3c     0x54  <for P2 s0>
                                   - 0x90     0x54

"P6":                                          0x4
  .crp               const          0x1fc      0x4  main.o [1]
                                  - 0x200      0x4

"P1", part 2 of 2:                         0x51e0e
  .rodata            const          0x200  0x4b000  blackScreen.o [1]
  .rodata            const       0x4'b200   0x3000  Terminal_18_24x12.o [1]
  .text              ro code     0x4'e200    0xd44  drv_glcd.o [1]
  .text              ro code     0x4'ef44    0x534  sys.o [1]
  .text              ro code     0x4'f478    0x1a4  I32DivMod.o [4]
  .text              ro code     0x4'f61c     0x40  ABIassert.o [5]
  .text              ro code     0x4'f65c     0x5c  vsprintf.o [2]
  .text              ro code     0x4'f6b8      0x4  IntDivZer.o [4]
  .text              ro code     0x4'f6bc      0x8  abort.o [2]
  .text              ro code     0x4'f6c4    0x26c  xprintftiny.o [2]
  .text              ro code     0x4'f930     0x20  exit.o [5]
  .text              ro code     0x4'f950     0x54  strlen.o [4]
  .text              ro code     0x4'f9a4     0x58  iarttio.o [5]
  .text              ro code     0x4'f9fc      0xc  XShttio.o [2]
  .text              ro code     0x4'fa08    0xa5c  main.o [1]
  .text              ro code     0x5'0464     0x5c  U32ToFlt.o [3]
  .text              ro code     0x5'04c0    0x148  FltMul.o [3]
  .text              ro code     0x5'0608    0x12c  FltSub.o [3]
  .text              ro code     0x5'0734     0xa4  FltAdd.o [3]
  .text              ro code     0x5'07d8     0x34  FltToU32.o [3]
  .text              ro code     0x5'080c     0x58  U32ToDbl.o [3]
  .text              ro code     0x5'0864    0x1f4  DblMul.o [3]
  .text              ro code     0x5'0a58     0x3c  DblToU32.o [3]
  .text              ro code     0x5'0a94    0x1c0  FltDiv.o [3]
  .text              ro code     0x5'0c54     0x68  FltToDbl.o [3]
  .text              ro code     0x5'0cbc    0x138  DblAdd.o [3]
  .text              ro code     0x5'0df4     0x84  DblToFlt.o [3]
  .text              ro code     0x5'0e78    0x30c  sdram_64M_32bit_drv.o [1]
  .text              ro code     0x5'1184    0x334  DblDiv.o [3]
  .text              ro code     0x5'14b8    0x390  printing.o [1]
  .text              ro code     0x5'1848    0x16c  sqrt.o [3]
  .text              ro code     0x5'19b4     0x2c  FltCmpLe.o [3]
  .text              ro code     0x5'19e0     0x2c  FltCmpGe.o [3]
  .text              ro code     0x5'1a0c    0x1f0  DblSub.o [3]
  .text              ro code     0x5'1bfc     0x40  FltToS32.o [3]
  .text              ro code     0x5'1c3c     0x64  S32ToFlt.o [3]
  .text              ro code     0x5'1ca0     0x6c  sprintf.o [2]
  .rodata            const       0x5'1d0c     0x78  drv_glcd.o [1]
  .text              ro code     0x5'1d84     0x58  cstartup.o [4]
  Veneer             ro code     0x5'1ddc      0xc  - Linker created -
  .text              ro code     0x5'1de8     0x30  cmain.o [4]
  .text              ro code     0x5'1e18      0x8  low_level_init.o [2]
  .text              ro code     0x5'1e20     0x32  data_init.o [4]
  .rodata            const       0x5'1e52      0x2  main.o [1]
  .text              ro code     0x5'1e54      0x4  exit.o [2]
  .text              ro code     0x5'1e58     0x10  cexit.o [4]
  .text              ro code     0x5'1e68     0x3c  zero_init3.o [4]
  .text              ro code     0x5'1ea4     0x30  copy_init3.o [4]
  .iar.init_table    const       0x5'1ed4     0x24  - Linker created -
  .rodata            const       0x5'1ef8     0x14  drv_glcd.o [1]
  .rodata            const       0x5'1f0c     0x14  main.o [1]
  .rodata            const       0x5'1f20     0x14  Terminal_18_24x12.o [1]
  .text              ro code     0x5'1f34     0x14  xsprout.o [2]
  .rodata            const       0x5'1f48     0x10  blackScreen.o [1]
  .rodata            const       0x5'1f58     0x10  drv_glcd.o [1]
  .rodata            const       0x5'1f68     0x10  drv_glcd.o [1]
  .rodata            const       0x5'1f78     0x10  drv_glcd.o [1]
  .rodata            const       0x5'1f88     0x10  printing.o [1]
  .rodata            const       0x5'1f98      0xc  drv_glcd.o [1]
  .rodata            const       0x5'1fa4      0xc  main.o [1]
  .rodata            const       0x5'1fb0      0xc  main.o [1]
  .rodata            const       0x5'1fbc      0xc  main.o [1]
  .rodata            const       0x5'1fc8      0xc  main.o [1]
  .rodata            const       0x5'1fd4      0xc  printing.o [1]
  .rodata            const       0x5'1fe0      0x8  main.o [1]
  .rodata            const       0x5'1fe8      0x8  main.o [1]
  .rodata            const       0x5'1ff0      0x8  main.o [1]
  .rodata            const       0x5'1ff8      0x4  main.o [1]
  .rodata            const       0x5'1ffc      0x4  main.o [1]
  .rodata            const       0x5'2000      0x4  printing.o [1]
  .text              ro code     0x5'2004      0x4  vectortrap.o [4]
  .text              ro code     0x5'2008      0x4  xreturnswi.o [5]
  .rodata            const       0x5'200c      0x2  main.o [1]
                               - 0x5'200e  0x51e0e

Absolute sections, part 1 of 44:               0x4
  .noinit            uninit   0x3fff'c000      0x4  sys.o [1]
                            - 0x3fff'c004      0x4

Absolute sections, part 2 of 44:               0x8
  .noinit            uninit   0x3fff'c010      0x4  sys.o [1]
  .noinit            uninit   0x3fff'c014      0x4  main.o [1]
                            - 0x3fff'c018      0x8

Absolute sections, part 3 of 44:               0x4
  .noinit            uninit   0x3fff'c020      0x4  sys.o [1]
                            - 0x3fff'c024      0x4

Absolute sections, part 4 of 44:               0xc
  .noinit            uninit   0x3fff'c030      0x4  sys.o [1]
  .noinit            uninit   0x3fff'c034      0x4  main.o [1]
  .noinit            uninit   0x3fff'c038      0x4  main.o [1]
                            - 0x3fff'c03c      0xc

Absolute sections, part 5 of 44:               0x4
  .noinit            uninit   0x3fff'c040      0x4  sys.o [1]
                            - 0x3fff'c044      0x4

Absolute sections, part 6 of 44:               0x4
  .noinit            uninit   0x3fff'c050      0x4  sys.o [1]
                            - 0x3fff'c054      0x4

Absolute sections, part 7 of 44:               0x4
  .noinit            uninit   0x3fff'c060      0x4  sys.o [1]
                            - 0x3fff'c064      0x4

Absolute sections, part 8 of 44:               0x4
  .noinit            uninit   0x3fff'c070      0x4  sys.o [1]
                            - 0x3fff'c074      0x4

Absolute sections, part 9 of 44:               0x4
  .noinit            uninit   0x3fff'c080      0x4  sys.o [1]
                            - 0x3fff'c084      0x4

Absolute sections, part 10 of 44:              0x4
  .noinit            uninit   0x3fff'c090      0x4  sys.o [1]
                            - 0x3fff'c094      0x4

"P2", part 1 of 3:                            0x54
  P2 s0                       0x4000'0120     0x54  <Init block>
    .data            inited   0x4000'0120     0x1c  blackScreen.o [1]
    .data            inited   0x4000'013c     0x18  Terminal_18_24x12.o [1]
    .data            inited   0x4000'0154      0x8  XShttio.o [2]
    .data            inited   0x4000'015c      0x4  drv_glcd.o [1]
    .data            inited   0x4000'0160      0x4  drv_glcd.o [1]
    .data            inited   0x4000'0164      0x4  drv_glcd.o [1]
    .data            inited   0x4000'0168      0x4  main.o [1]
    .data            inited   0x4000'016c      0x4  main.o [1]
    .data            inited   0x4000'0170      0x4  main.o [1]
                            - 0x4000'0174     0x54

"P2", part 2 of 3:                            0xa0
  .bss               zero     0x4000'0174      0x4  drv_glcd.o [1]
  .bss               zero     0x4000'0178      0x4  drv_glcd.o [1]
  .bss               zero     0x4000'017c      0x4  drv_glcd.o [1]
  .bss               zero     0x4000'0180      0x4  drv_glcd.o [1]
  .bss               zero     0x4000'0184      0x4  drv_glcd.o [1]
  .bss               zero     0x4000'0188      0x4  drv_glcd.o [1]
  .bss               zero     0x4000'018c      0x4  drv_glcd.o [1]
  .bss               zero     0x4000'0190      0x4  drv_glcd.o [1]
  .bss               zero     0x4000'0194      0x4  drv_glcd.o [1]
  .bss               zero     0x4000'0198      0x4  drv_glcd.o [1]
  .bss               zero     0x4000'019c      0x4  drv_glcd.o [1]
  .bss               zero     0x4000'01a0      0x4  drv_glcd.o [1]
  .bss               zero     0x4000'01a4      0x4  drv_glcd.o [1]
  .bss               zero     0x4000'01a8      0x4  main.o [1]
  .bss               zero     0x4000'01ac      0x4  main.o [1]
  .bss               zero     0x4000'01b0      0x4  main.o [1]
  .bss               zero     0x4000'01b4      0x4  main.o [1]
  .bss               zero     0x4000'01b8      0x4  main.o [1]
  .bss               zero     0x4000'01bc      0x4  main.o [1]
  .bss               zero     0x4000'01c0      0x4  main.o [1]
  .bss               zero     0x4000'01c4      0x4  main.o [1]
  .bss               zero     0x4000'01c8      0x4  main.o [1]
  .bss               zero     0x4000'01cc      0x4  main.o [1]
  .bss               zero     0x4000'01d0      0x4  main.o [1]
  .bss               zero     0x4000'01d4      0x4  main.o [1]
  .bss               zero     0x4000'01d8      0x4  main.o [1]
  .bss               zero     0x4000'01dc      0x4  main.o [1]
  .bss               zero     0x4000'01e0      0x4  main.o [1]
  .bss               zero     0x4000'01e4      0x4  main.o [1]
  .bss               zero     0x4000'01e8      0x4  main.o [1]
  .bss               zero     0x4000'01ec      0x4  main.o [1]
  .bss               zero     0x4000'01f0      0x4  main.o [1]
  .bss               zero     0x4000'01f4      0x4  main.o [1]
  .bss               zero     0x4000'01f8      0x4  main.o [1]
  .bss               zero     0x4000'01fc      0x4  main.o [1]
  .bss               zero     0x4000'0200      0x4  main.o [1]
  .bss               zero     0x4000'0204      0x4  main.o [1]
  .bss               zero     0x4000'0208      0x4  main.o [1]
  .bss               zero     0x4000'020c      0x4  printing.o [1]
  .bss               zero     0x4000'0210      0x4  printing.o [1]
                            - 0x4000'0214     0xa0

"P2", part 3 of 3:                           0x840
  CSTACK                      0x4000'0218    0x400  <Block>
    CSTACK           uninit   0x4000'0218    0x400  <Block tail>
  IRQ_STACK                   0x4000'0618    0x400  <Block>
    IRQ_STACK        uninit   0x4000'0618    0x400  <Block tail>
  FIQ_STACK                   0x4000'0a18     0x40  <Block>
    FIQ_STACK        uninit   0x4000'0a18     0x40  <Block tail>
                            - 0x4000'0a58    0x840

Absolute sections, part 11 of 44:              0x8
  .noinit            uninit   0xe000'8000      0x4  main.o [1]
  .noinit            uninit   0xe000'8004      0x4  main.o [1]
                            - 0xe000'8008      0x8

Absolute sections, part 12 of 44:              0x4
  .noinit            uninit   0xe000'800c      0x4  main.o [1]
                            - 0xe000'8010      0x4

Absolute sections, part 13 of 44:              0x4
  .noinit            uninit   0xe000'8014      0x4  main.o [1]
                            - 0xe000'8018      0x4

Absolute sections, part 14 of 44:              0x4
  .noinit            uninit   0xe000'801c      0x4  main.o [1]
                            - 0xe000'8020      0x4

Absolute sections, part 15 of 44:              0x4
  .noinit            uninit   0xe000'8070      0x4  main.o [1]
                            - 0xe000'8074      0x4

Absolute sections, part 16 of 44:              0x4
  .noinit            uninit   0xe002'8008      0x4  sys.o [1]
                            - 0xe002'800c      0x4

Absolute sections, part 17 of 44:              0x4
  .noinit            uninit   0xe002'8018      0x4  sys.o [1]
                            - 0xe002'801c      0x4

Absolute sections, part 18 of 44:             0x28
  .noinit            uninit   0xe002'c000      0x4  sys.o [1]
  .noinit            uninit   0xe002'c004      0x4  sys.o [1]
  .noinit            uninit   0xe002'c008      0x4  sys.o [1]
  .noinit            uninit   0xe002'c00c      0x4  sys.o [1]
  .noinit            uninit   0xe002'c010      0x4  sys.o [1]
  .noinit            uninit   0xe002'c014      0x4  sys.o [1]
  .noinit            uninit   0xe002'c018      0x4  sys.o [1]
  .noinit            uninit   0xe002'c01c      0x4  sys.o [1]
  .noinit            uninit   0xe002'c020      0x4  sys.o [1]
  .noinit            uninit   0xe002'c024      0x4  sys.o [1]
                            - 0xe002'c028     0x28

Absolute sections, part 19 of 44:              0x4
  .noinit            uninit   0xe002'c02c      0x4  drv_glcd.o [1]
                            - 0xe002'c030      0x4

Absolute sections, part 20 of 44:              0x8
  .noinit            uninit   0xe002'c040      0x4  drv_glcd.o [1]
  .noinit            uninit   0xe002'c044      0x4  main.o [1]
                            - 0xe002'c048      0x8

Absolute sections, part 21 of 44:             0x1c
  .noinit            uninit   0xe002'c04c      0x4  drv_glcd.o [1]
  .noinit            uninit   0xe002'c050      0x4  drv_glcd.o [1]
  .noinit            uninit   0xe002'c054      0x4  sdram_64M_32bit_drv.o [1]
  .noinit            uninit   0xe002'c058      0x4  sdram_64M_32bit_drv.o [1]
  .noinit            uninit   0xe002'c05c      0x4  sdram_64M_32bit_drv.o [1]
  .noinit            uninit   0xe002'c060      0x4  sdram_64M_32bit_drv.o [1]
  .noinit            uninit   0xe002'c064      0x4  sdram_64M_32bit_drv.o [1]
                            - 0xe002'c068     0x1c

Absolute sections, part 22 of 44:              0x4
  .noinit            uninit   0xe003'4000      0x4  main.o [1]
                            - 0xe003'4004      0x4

Absolute sections, part 23 of 44:              0x8
  .noinit            uninit   0xe003'4018      0x4  main.o [1]
  .noinit            uninit   0xe003'401c      0x4  main.o [1]
                            - 0xe003'4020      0x8

Absolute sections, part 24 of 44:              0x8
  .noinit            uninit   0xe01f'c000      0x4  main.o [1]
  .noinit            uninit   0xe01f'c004      0x4  main.o [1]
                            - 0xe01f'c008      0x8

Absolute sections, part 25 of 44:             0x10
  .noinit            uninit   0xe01f'c080      0x4  sys.o [1]
  .noinit            uninit   0xe01f'c084      0x4  sys.o [1]
  .noinit            uninit   0xe01f'c088      0x4  sys.o [1]
  .noinit            uninit   0xe01f'c08c      0x4  sys.o [1]
                            - 0xe01f'c090     0x10

Absolute sections, part 26 of 44:              0x4
  .noinit            uninit   0xe01f'c0c4      0x4  sys.o [1]
                            - 0xe01f'c0c8      0x4

Absolute sections, part 27 of 44:              0xc
  .noinit            uninit   0xe01f'c104      0x4  sys.o [1]
  .noinit            uninit   0xe01f'c108      0x4  sys.o [1]
  .noinit            uninit   0xe01f'c10c      0x4  sys.o [1]
                            - 0xe01f'c110      0xc

Absolute sections, part 28 of 44:              0x4
  .noinit            uninit   0xe01f'c188      0x4  sys.o [1]
                            - 0xe01f'c18c      0x4

Absolute sections, part 29 of 44:              0x4
  .noinit            uninit   0xe01f'c1a0      0x4  sys.o [1]
                            - 0xe01f'c1a4      0x4

Absolute sections, part 30 of 44:              0x8
  .noinit            uninit   0xe01f'c1a8      0x4  sys.o [1]
  .noinit            uninit   0xe01f'c1ac      0x4  sys.o [1]
                            - 0xe01f'c1b0      0x8

Absolute sections, part 31 of 44:              0x4
  .noinit            uninit   0xe01f'c1b8      0x4  drv_glcd.o [1]
                            - 0xe01f'c1bc      0x4

Absolute sections, part 32 of 44:              0x4
  .noinit            uninit   0xffe0'8000      0x4  sdram_64M_32bit_drv.o [1]
                            - 0xffe0'8004      0x4

Absolute sections, part 33 of 44:              0xc
  .noinit            uninit   0xffe0'8020      0x4  sdram_64M_32bit_drv.o [1]
  .noinit            uninit   0xffe0'8024      0x4  sdram_64M_32bit_drv.o [1]
  .noinit            uninit   0xffe0'8028      0x4  sdram_64M_32bit_drv.o [1]
                            - 0xffe0'802c      0xc

Absolute sections, part 34 of 44:             0x2c
  .noinit            uninit   0xffe0'8030      0x4  sdram_64M_32bit_drv.o [1]
  .noinit            uninit   0xffe0'8034      0x4  sdram_64M_32bit_drv.o [1]
  .noinit            uninit   0xffe0'8038      0x4  sdram_64M_32bit_drv.o [1]
  .noinit            uninit   0xffe0'803c      0x4  sdram_64M_32bit_drv.o [1]
  .noinit            uninit   0xffe0'8040      0x4  sdram_64M_32bit_drv.o [1]
  .noinit            uninit   0xffe0'8044      0x4  sdram_64M_32bit_drv.o [1]
  .noinit            uninit   0xffe0'8048      0x4  sdram_64M_32bit_drv.o [1]
  .noinit            uninit   0xffe0'804c      0x4  sdram_64M_32bit_drv.o [1]
  .noinit            uninit   0xffe0'8050      0x4  sdram_64M_32bit_drv.o [1]
  .noinit            uninit   0xffe0'8054      0x4  sdram_64M_32bit_drv.o [1]
  .noinit            uninit   0xffe0'8058      0x4  sdram_64M_32bit_drv.o [1]
                            - 0xffe0'805c     0x2c

Absolute sections, part 35 of 44:              0x8
  .noinit            uninit   0xffe0'8100      0x4  sdram_64M_32bit_drv.o [1]
  .noinit            uninit   0xffe0'8104      0x4  sdram_64M_32bit_drv.o [1]
                            - 0xffe0'8108      0x8

Absolute sections, part 36 of 44:              0xc
  .noinit            uninit   0xffe1'0000      0x4  drv_glcd.o [1]
  .noinit            uninit   0xffe1'0004      0x4  drv_glcd.o [1]
  .noinit            uninit   0xffe1'0008      0x4  drv_glcd.o [1]
                            - 0xffe1'000c      0xc

Absolute sections, part 37 of 44:              0xc
  .noinit            uninit   0xffe1'0010      0x4  drv_glcd.o [1]
  .noinit            uninit   0xffe1'0014      0x4  drv_glcd.o [1]
  .noinit            uninit   0xffe1'0018      0x4  drv_glcd.o [1]
                            - 0xffe1'001c      0xc

Absolute sections, part 38 of 44:              0x4
  .noinit            uninit   0xffe1'0200      0x4  drv_glcd.o [1]
                            - 0xffe1'0204      0x4

Absolute sections, part 39 of 44:              0x4
  .noinit            uninit   0xffe1'0c00      0x4  drv_glcd.o [1]
                            - 0xffe1'0c04      0x4

Absolute sections, part 40 of 44:              0xc
  .noinit            uninit   0xffff'f00c      0x4  sys.o [1]
  .noinit            uninit   0xffff'f010      0x4  main.o [1]
  .noinit            uninit   0xffff'f014      0x4  sys.o [1]
                            - 0xffff'f018      0xc

Absolute sections, part 41 of 44:              0x8
  .noinit            uninit   0xffff'f01c      0x4  sys.o [1]
  .noinit            uninit   0xffff'f020      0x4  sys.o [1]
                            - 0xffff'f024      0x8

Absolute sections, part 42 of 44:              0x4
  .noinit            uninit   0xffff'f100      0x4  sys.o [1]
                            - 0xffff'f104      0x4

Absolute sections, part 43 of 44:              0x4
  .noinit            uninit   0xffff'f200      0x4  sys.o [1]
                            - 0xffff'f204      0x4

Absolute sections, part 44 of 44:              0x4
  .noinit            uninit   0xffff'ff00      0x4  sys.o [1]
                            - 0xffff'ff04      0x4

Unused ranges:

         From           To      Size
         ----           --      ----
         0x90        0x1fb     0x16c
     0x5'200e     0x7'dfff  0x2'bff2
  0x4000'0000  0x4000'003f      0x40
  0x4000'0214  0x4000'0217       0x4
  0x4000'0a58  0x4000'ffdf    0xf588


*******************************************************************************
*** INIT TABLE
***

          Address      Size
          -------      ----
Zero (__iar_zero_init3)
    1 destination range, total size 0xa0:
          0x4000'0174  0xa0

Copy (__iar_copy_init3)
    1 source range, total size 0x54:
                 0x3c  0x54
    1 destination range, total size 0x54:
          0x4000'0120  0x54



*******************************************************************************
*** MODULE SUMMARY
***

    Module                 ro code  ro data  rw data  rw data
                                                       (abs)
    ------                 -------  -------  -------  -------
command line/config:
    ---------------------------------------------------------
    Total:

C:\Users\s163905\Documents\GitHub\HandOnTheMCU\arm\8.32.2\NXP\LPC24xx\IAR-LPC-2478\evseProject\Flash Debug\Obj: [1]
    Terminal_18_24x12.o              12 332       24
    blackScreen.o                   307 244       28
    drv_glcd.o               3 396      212       64       52
    main.o                   2 652      120      112       64
    printing.o                 912       32        8
    sdram_64M_32bit_drv.o      780                         88
    sys.o                    1 332                        164
    ---------------------------------------------------------
    Total:                   9 072  319 940      236      368

dl4t_aln.a: [2]
    XShttio.o                   12        8        8
    abort.o                      8
    exit.o                       4
    low_level_init.o             8
    sprintf.o                  108
    vsprintf.o                  92
    xprintftiny.o              620
    xsprout.o                   20
    ---------------------------------------------------------
    Total:                     872        8        8

m4t_al.a: [3]
    DblAdd.o                   312
    DblDiv.o                   820
    DblMul.o                   500
    DblSub.o                   496
    DblToFlt.o                 132
    DblToU32.o                  60
    FltAdd.o                   164
    FltCmpGe.o                  44
    FltCmpLe.o                  44
    FltDiv.o                   448
    FltMul.o                   328
    FltSub.o                   300
    FltToDbl.o                 104
    FltToS32.o                  64
    FltToU32.o                  52
    S32ToFlt.o                 100
    U32ToDbl.o                  88
    U32ToFlt.o                  92
    sqrt.o                     364
    ---------------------------------------------------------
    Total:                   4 512

rt4t_al.a: [4]
    I32DivMod.o                420
    IntDivZer.o                  4
    cexit.o                     16
    cmain.o                     48
    copy_init3.o                48
    cstartup.o                 148
    data_init.o                 50
    strlen.o                    84
    vectortrap.o                 4
    zero_init3.o                60
    ---------------------------------------------------------
    Total:                     882

shs_l.a: [5]
    ABIassert.o                 64
    exit.o                      32
    iarttio.o                   88
    xreturnswi.o                 4
    ---------------------------------------------------------
    Total:                     188

    Linker created              12       36    2 112
-------------------------------------------------------------
    Grand Total:            15 538  319 984    2 356      368


*******************************************************************************
*** ENTRY LIST
***

Entry                       Address     Size  Type      Object
-----                       -------     ----  ----      ------
.iar.init_table$$Base      0x5'1ed4            --   Gb  - Linker created -
.iar.init_table$$Limit     0x5'1ef8            --   Gb  - Linker created -
?main                      0x5'1de8           Code  Gb  cmain.o [4]
ADC_Init                   0x4'fe60     0xc0  Code  Gb  main.o [1]
Abort_Handler              0x5'2004           Code  Wk  vectortrap.o [4]
CSTACK$$Base            0x4000'0218            --   Gb  - Linker created -
CSTACK$$Limit           0x4000'0618            --   Gb  - Linker created -
CurrX_Size              0x4000'019c      0x4  Data  Lc  drv_glcd.o [1]
CurrY_Size              0x4000'0198      0x4  Data  Lc  drv_glcd.o [1]
FIQ_Handler                0x4'ef44      0x4  Code  Gb  sys.o [1]
FIQ_STACK$$Base         0x4000'0a18            --   Gb  - Linker created -
FIQ_STACK$$Limit        0x4000'0a58            --   Gb  - Linker created -
GLCD_Ctrl                  0x4'e5f8     0xa0  Code  Gb  drv_glcd.o [1]
GLCD_Init                  0x4'e200    0x3a0  Code  Gb  drv_glcd.o [1]
GLCD_SetFont               0x4'e698     0x1c  Code  Gb  drv_glcd.o [1]
GLCD_SetPallet             0x4'e5a0     0x58  Code  Gb  drv_glcd.o [1]
GLCD_SetWindow             0x4'e6b4     0xb8  Code  Gb  drv_glcd.o [1]
GLCD_TextCalcWindow        0x4'e874    0x154  Code  Lc  drv_glcd.o [1]
GLCD_TextSetPos            0x4'e76c     0x14  Code  Gb  drv_glcd.o [1]
GLCD_print                 0x4'ee44     0x58  Code  Gb  drv_glcd.o [1]
GLCD_putchar               0x4'e9c8    0x47c  Code  Gb  drv_glcd.o [1]
GpioInit                   0x4'f328    0x104  Code  Gb  sys.o [1]
IRQ_Handler                0x4'ef48     0x38  Code  Gb  sys.o [1]
IRQ_STACK$$Base         0x4000'0618            --   Gb  - Linker created -
IRQ_STACK$$Limit        0x4000'0a18            --   Gb  - Linker created -
InitClock                  0x4'f040    0x1bc  Code  Gb  sys.o [1]
LCD_LPBASE              0xffe1'0014      0x4  Data  Gb  drv_glcd.o [1]
LCD_PAL_BASE            0xffe1'0200      0x4  Data  Gb  drv_glcd.o [1]
LCD_SET_WINDOW             0x4'e780     0x64  Code  Lc  drv_glcd.o [1]
LCD_UPBASE              0xffe1'0010      0x4  Data  Gb  drv_glcd.o [1]
LCD_WRITE_PIXEL            0x4'e7e4     0x90  Code  Lc  drv_glcd.o [1]
Prefetch_Handler           0x5'2004           Code  Wk  vectortrap.o [4]
Region$$Table$$Base        0x5'1ed4            --   Gb  - Linker created -
Region$$Table$$Limit       0x5'1ef8            --   Gb  - Linker created -
SDRAM_BASE_ADDR {Abs}   0xa000'0000           Data  Gb  <internal module>
SDRAM_Init                 0x5'0e78    0x27c  Code  Gb  sdram_64M_32bit_drv.o [1]
SWI_Handler                0x5'2004           Code  Wk  vectortrap.o [4]
SYS_GetFpclk               0x4'f2c0     0x68  Code  Gb  sys.o [1]
SYS_GetFsclk               0x4'f1fc     0xc4  Code  Gb  sys.o [1]
T1MR1                   0xe000'801c      0x4  Data  Gb  main.o [1]
T1PR                    0xe000'800c      0x4  Data  Gb  main.o [1]
T2                      0x4000'01dc      0x4  Data  Gb  main.o [1]
T3                      0x4000'01e0      0x4  Data  Gb  main.o [1]
TIMER1IntrHandler          0x4'fae0    0x370  Code  Gb  main.o [1]
TabSize                 0x4000'0164      0x4  Data  Lc  drv_glcd.o [1]
Terminal_18_24_12       0x4000'013c     0x18  Data  Gb  Terminal_18_24x12.o [1]
TextBackgndColour       0x4000'017c      0x4  Data  Lc  drv_glcd.o [1]
TextColour              0x4000'0178      0x4  Data  Lc  drv_glcd.o [1]
TextStream                 0x4'b200   0x3000  Data  Lc  Terminal_18_24x12.o [1]
TextX_Pos               0x4000'0180      0x4  Data  Lc  drv_glcd.o [1]
TextY_Pos               0x4000'0184      0x4  Data  Lc  drv_glcd.o [1]
Undefined_Handler          0x5'2004           Code  Wk  vectortrap.o [4]
VICADDRESS              0xffff'ff00      0x4  Data  Gb  sys.o [1]
VICVECTADDR0            0xffff'f100      0x4  Data  Gb  sys.o [1]
VIC_Init                   0x4'ef80     0x78  Code  Gb  sys.o [1]
VIC_SetVectoredIRQ         0x4'eff8     0x48  Code  Gb  sys.o [1]
WindX_Size              0x4000'0194      0x4  Data  Lc  drv_glcd.o [1]
WindY_Size              0x4000'0190      0x4  Data  Lc  drv_glcd.o [1]
XL_Win                  0x4000'0188      0x4  Data  Lc  drv_glcd.o [1]
XR_Win                  0x4000'015c      0x4  Data  Lc  drv_glcd.o [1]
YD_Win                  0x4000'0160      0x4  Data  Lc  drv_glcd.o [1]
YU_Win                  0x4000'018c      0x4  Data  Lc  drv_glcd.o [1]
_A_AD0CR                0xe003'4000      0x4  Data  Gb  main.o [1]
_A_ADDR2                0xe003'4018      0x4  Data  Gb  main.o [1]
_A_ADDR3                0xe003'401c      0x4  Data  Gb  main.o [1]
_A_AHBCFG1              0xe01f'c188      0x4  Data  Gb  sys.o [1]
_A_CCLKCFG              0xe01f'c104      0x4  Data  Gb  sys.o [1]
_A_CLKSRCSEL            0xe01f'c10c      0x4  Data  Gb  sys.o [1]
_A_CRSR_CTRL            0xffe1'0c00      0x4  Data  Gb  drv_glcd.o [1]
_A_EMCCONTROL           0xffe0'8000      0x4  Data  Gb  sdram_64M_32bit_drv.o [1]
_A_EMCDINAMICCTRL       0xffe0'8020      0x4  Data  Gb  sdram_64M_32bit_drv.o [1]
_A_EMCDINAMICRDCFG      0xffe0'8028      0x4  Data  Gb  sdram_64M_32bit_drv.o [1]
_A_EMCDINAMICRFR        0xffe0'8024      0x4  Data  Gb  sdram_64M_32bit_drv.o [1]
_A_EMCDYNAMICAPR        0xffe0'803c      0x4  Data  Gb  sdram_64M_32bit_drv.o [1]
_A_EMCDYNAMICCFG0       0xffe0'8100      0x4  Data  Gb  sdram_64M_32bit_drv.o [1]
_A_EMCDYNAMICDAL        0xffe0'8040      0x4  Data  Gb  sdram_64M_32bit_drv.o [1]
_A_EMCDYNAMICMRD        0xffe0'8058      0x4  Data  Gb  sdram_64M_32bit_drv.o [1]
_A_EMCDYNAMICRAS        0xffe0'8034      0x4  Data  Gb  sdram_64M_32bit_drv.o [1]
_A_EMCDYNAMICRASCAS0    0xffe0'8104      0x4  Data  Gb  sdram_64M_32bit_drv.o [1]
_A_EMCDYNAMICRC         0xffe0'8048      0x4  Data  Gb  sdram_64M_32bit_drv.o [1]
_A_EMCDYNAMICRFC        0xffe0'804c      0x4  Data  Gb  sdram_64M_32bit_drv.o [1]
_A_EMCDYNAMICRP         0xffe0'8030      0x4  Data  Gb  sdram_64M_32bit_drv.o [1]
_A_EMCDYNAMICRRD        0xffe0'8054      0x4  Data  Gb  sdram_64M_32bit_drv.o [1]
_A_EMCDYNAMICSREX       0xffe0'8038      0x4  Data  Gb  sdram_64M_32bit_drv.o [1]
_A_EMCDYNAMICWR         0xffe0'8044      0x4  Data  Gb  sdram_64M_32bit_drv.o [1]
_A_EMCDYNAMICXSR        0xffe0'8050      0x4  Data  Gb  sdram_64M_32bit_drv.o [1]
_A_FIO0DIR              0x3fff'c000      0x4  Data  Gb  sys.o [1]
_A_FIO0MASK             0x3fff'c010      0x4  Data  Gb  sys.o [1]
_A_FIO0PIN              0x3fff'c014      0x4  Data  Gb  main.o [1]
_A_FIO1DIR              0x3fff'c020      0x4  Data  Gb  sys.o [1]
_A_FIO1MASK             0x3fff'c030      0x4  Data  Gb  sys.o [1]
_A_FIO1PIN              0x3fff'c034      0x4  Data  Gb  main.o [1]
_A_FIO1SET              0x3fff'c038      0x4  Data  Gb  main.o [1]
_A_FIO2DIR              0x3fff'c040      0x4  Data  Gb  sys.o [1]
_A_FIO2MASK             0x3fff'c050      0x4  Data  Gb  sys.o [1]
_A_FIO3DIR              0x3fff'c060      0x4  Data  Gb  sys.o [1]
_A_FIO3MASK             0x3fff'c070      0x4  Data  Gb  sys.o [1]
_A_FIO4DIR              0x3fff'c080      0x4  Data  Gb  sys.o [1]
_A_FIO4MASK             0x3fff'c090      0x4  Data  Gb  sys.o [1]
_A_IO0DIR               0xe002'8008      0x4  Data  Gb  sys.o [1]
_A_IO1DIR               0xe002'8018      0x4  Data  Gb  sys.o [1]
_A_LCD_CFG              0xe01f'c1b8      0x4  Data  Gb  drv_glcd.o [1]
_A_LCD_CTRL             0xffe1'0018      0x4  Data  Gb  drv_glcd.o [1]
_A_LCD_POL              0xffe1'0008      0x4  Data  Gb  drv_glcd.o [1]
_A_LCD_TIMH             0xffe1'0000      0x4  Data  Gb  drv_glcd.o [1]
_A_LCD_TIMV             0xffe1'0004      0x4  Data  Gb  drv_glcd.o [1]
_A_MAMCR                0xe01f'c000      0x4  Data  Gb  main.o [1]
_A_MAMTIM               0xe01f'c004      0x4  Data  Gb  main.o [1]
_A_PCLKSEL0             0xe01f'c1a8      0x4  Data  Gb  sys.o [1]
_A_PCLKSEL1             0xe01f'c1ac      0x4  Data  Gb  sys.o [1]
_A_PCONP                0xe01f'c0c4      0x4  Data  Gb  sys.o [1]
_A_PINMODE0             0xe002'c040      0x4  Data  Gb  drv_glcd.o [1]
_A_PINMODE1             0xe002'c044      0x4  Data  Gb  main.o [1]
_A_PINMODE3             0xe002'c04c      0x4  Data  Gb  drv_glcd.o [1]
_A_PINMODE4             0xe002'c050      0x4  Data  Gb  drv_glcd.o [1]
_A_PINMODE5             0xe002'c054      0x4  Data  Gb  sdram_64M_32bit_drv.o [1]
_A_PINMODE6             0xe002'c058      0x4  Data  Gb  sdram_64M_32bit_drv.o [1]
_A_PINMODE7             0xe002'c05c      0x4  Data  Gb  sdram_64M_32bit_drv.o [1]
_A_PINMODE8             0xe002'c060      0x4  Data  Gb  sdram_64M_32bit_drv.o [1]
_A_PINMODE9             0xe002'c064      0x4  Data  Gb  sdram_64M_32bit_drv.o [1]
_A_PINSEL0              0xe002'c000      0x4  Data  Gb  sys.o [1]
_A_PINSEL1              0xe002'c004      0x4  Data  Gb  sys.o [1]
_A_PINSEL11             0xe002'c02c      0x4  Data  Gb  drv_glcd.o [1]
_A_PINSEL2              0xe002'c008      0x4  Data  Gb  sys.o [1]
_A_PINSEL3              0xe002'c00c      0x4  Data  Gb  sys.o [1]
_A_PINSEL4              0xe002'c010      0x4  Data  Gb  sys.o [1]
_A_PINSEL5              0xe002'c014      0x4  Data  Gb  sys.o [1]
_A_PINSEL6              0xe002'c018      0x4  Data  Gb  sys.o [1]
_A_PINSEL7              0xe002'c01c      0x4  Data  Gb  sys.o [1]
_A_PINSEL8              0xe002'c020      0x4  Data  Gb  sys.o [1]
_A_PINSEL9              0xe002'c024      0x4  Data  Gb  sys.o [1]
_A_PLLCFG               0xe01f'c084      0x4  Data  Gb  sys.o [1]
_A_PLLCON               0xe01f'c080      0x4  Data  Gb  sys.o [1]
_A_PLLFEED              0xe01f'c08c      0x4  Data  Gb  sys.o [1]
_A_PLLSTAT              0xe01f'c088      0x4  Data  Gb  sys.o [1]
_A_SCS                  0xe01f'c1a0      0x4  Data  Gb  sys.o [1]
_A_T1CTCR               0xe000'8070      0x4  Data  Gb  main.o [1]
_A_T1IR                 0xe000'8000      0x4  Data  Gb  main.o [1]
_A_T1MCR                0xe000'8014      0x4  Data  Gb  main.o [1]
_A_T1TCR                0xe000'8004      0x4  Data  Gb  main.o [1]
_A_USBCLKCFG            0xe01f'c108      0x4  Data  Gb  sys.o [1]
_A_VICINTENABLE         0xffff'f010      0x4  Data  Gb  main.o [1]
_A_VICINTENCLEAR        0xffff'f014      0x4  Data  Gb  sys.o [1]
_A_VICINTSELECT         0xffff'f00c      0x4  Data  Gb  sys.o [1]
_A_VICPROTECTION        0xffff'f020      0x4  Data  Gb  sys.o [1]
_A_VICSOFTINTCLEAR      0xffff'f01c      0x4  Data  Gb  sys.o [1]
_A_VICVECTPRIORITY0     0xffff'f200      0x4  Data  Gb  sys.o [1]
_PrintfTiny                0x4'f6f8    0x238  Code  Gb  xprintftiny.o [2]
_SProut                    0x5'1f34     0x14  Code  Gb  xsprout.o [2]
__aeabi_assert             0x4'f61c     0x40  Code  Gb  ABIassert.o [5]
__aeabi_cfcmple            0x5'19b4           Code  Gb  FltCmpLe.o [3]
__aeabi_cfrcmple           0x5'19e0           Code  Gb  FltCmpGe.o [3]
__aeabi_d2f                0x5'0df4           Code  Gb  DblToFlt.o [3]
__aeabi_d2uiz              0x5'0a58           Code  Gb  DblToU32.o [3]
__aeabi_dadd               0x5'0cbc           Code  Gb  DblAdd.o [3]
__aeabi_ddiv               0x5'1184           Code  Gb  DblDiv.o [3]
__aeabi_dmul               0x5'0864           Code  Gb  DblMul.o [3]
__aeabi_f2d                0x5'0c54           Code  Gb  FltToDbl.o [3]
__aeabi_f2iz               0x5'1bfc           Code  Gb  FltToS32.o [3]
__aeabi_f2uiz              0x5'07d8           Code  Gb  FltToU32.o [3]
__aeabi_fadd               0x5'0734           Code  Gb  FltAdd.o [3]
__aeabi_fdiv               0x5'0a94           Code  Gb  FltDiv.o [3]
__aeabi_fmul               0x5'04c0           Code  Gb  FltMul.o [3]
__aeabi_fsub               0x5'0608           Code  Gb  FltSub.o [3]
__aeabi_i2f                0x5'1c3c           Code  Gb  S32ToFlt.o [3]
__aeabi_idiv0              0x4'f6b8           Code  Gb  IntDivZer.o [4]
__aeabi_ui2d               0x5'080c           Code  Gb  U32ToDbl.o [3]
__aeabi_ui2f               0x5'0464           Code  Gb  U32ToFlt.o [3]
__aeabi_uidiv              0x4'f478           Code  Gb  I32DivMod.o [4]
__aeabi_uidivmod           0x4'f478           Code  Gb  I32DivMod.o [4]
__cmain                    0x5'1de8           Code  Gb  cmain.o [4]
__exit                     0x4'f930     0x20  Code  Gb  exit.o [5]
__iar_SubNrm               0x5'05dc           Code  Gb  FltMul.o [3]
__iar_close_ttio           0x4'f9a4     0x58  Code  Gb  iarttio.o [5]
__iar_copy_init3           0x5'1ea5     0x30  Code  Gb  copy_init3.o [4]
__iar_dadd                 0x5'0ccc           Code  Gb  DblAdd.o [3]
__iar_data_init3           0x5'1e21     0x30  Code  Gb  data_init.o [4]
__iar_dsub                 0x5'1a0c           Code  Gb  DblSub.o [3]
__iar_dsubStart            0x5'1a2c           Code  Gb  DblSub.o [3]
__iar_fadd                 0x5'0740           Code  Gb  FltAdd.o [3]
__iar_fsub                 0x5'0614           Code  Gb  FltSub.o [3]
__iar_fsubStart            0x5'0624           Code  Gb  FltSub.o [3]
__iar_lookup_ttioh         0x4'f9fc      0xc  Code  Gb  XShttio.o [2]
__iar_program_start        0x5'1d84           Code  Gb  cstartup.o [4]
__iar_return_from_swi      0x5'2008      0x4  Code  Gb  xreturnswi.o [5]
__iar_sqrt64               0x5'1848           Code  Gb  sqrt.o [3]
__iar_ttio_handles      0x4000'0154      0x8  Data  Lc  XShttio.o [2]
__iar_zero_init3           0x5'1e69     0x3c  Code  Gb  zero_init3.o [4]
__low_level_init           0x5'1e18      0x8  Code  Gb  low_level_init.o [2]
__vector                        0x0           Data  Gb  cstartup.o [4]
_call_main                 0x5'1e00           Code  Gb  cmain.o [4]
_exit                      0x5'1e58           Code  Gb  cexit.o [4]
_main                      0x5'1e08           Code  Gb  cmain.o [4]
abort                      0x4'f6bc      0x8  Code  Gb  abort.o [2]
alpha                   0x4000'01d8      0x4  Data  Gb  main.o [1]
blackScreenPic          0x4000'0120     0x1c  Data  Gb  blackScreen.o [1]
blackScreenStream             0x200  0x4b000  Data  Gb  blackScreen.o [1]
changeX                    0x5'14b8      0xc  Code  Gb  printing.o [1]
crosstick2              0x4000'01d0      0x4  Data  Gb  main.o [1]
crosstick2_old          0x4000'01d4      0x4  Data  Gb  main.o [1]
crp                           0x1fc      0x4  Data  Gb  main.o [1]
currentSamples          0x4000'01f8      0x4  Data  Gb  main.o [1]
currentSum              0x4000'01ec      0x4  Data  Gb  main.o [1]
exit                       0x5'1e54      0x4  Code  Gb  exit.o [2]
i2                      0x4000'01cc      0x4  Data  Gb  main.o [1]
lastCompletedCurrentSum
                        0x4000'01f0      0x4  Data  Gb  main.o [1]
lastCompletedCurrentSumSamples
                        0x4000'01f4      0x4  Data  Gb  main.o [1]
lastCompletedVoltageSum
                        0x4000'0200      0x4  Data  Gb  main.o [1]
lastCompletedVoltageSumSamples
                        0x4000'0204      0x4  Data  Gb  main.o [1]
lowPass                    0x4'fa08     0xd8  Code  Gb  main.o [1]
main                       0x4'ff28    0x454  Code  Gb  main.o [1]
newCurrentSum           0x4000'0170      0x4  Data  Gb  main.o [1]
newLine                    0x5'14c4     0x14  Code  Gb  printing.o [1]
out                        0x4'f6c4     0x34  Code  Lc  xprintftiny.o [2]
pCurrFont               0x4000'0174      0x4  Data  Lc  drv_glcd.o [1]
pPix                    0x4000'01a4      0x4  Data  Lc  drv_glcd.o [1]
pWind                   0x4000'01a0      0x4  Data  Lc  drv_glcd.o [1]
printFloat                 0x5'161c    0x124  Code  Gb  printing.o [1]
printFloatAndUnit          0x5'14f0    0x12c  Code  Gb  printing.o [1]
printInt                   0x5'17c8     0x6c  Code  Gb  printing.o [1]
printString                0x5'1740     0x88  Code  Gb  printing.o [1]
resetCursor                0x5'14d8     0x18  Code  Gb  printing.o [1]
sprintf                    0x5'1ca0     0x6c  Code  Gb  sprintf.o [2]
sqrt                       0x5'1848           Code  Gb  sqrt.o [3]
sqrtl                      0x5'1848           Code  Gb  sqrt.o [3]
strlen                     0x4'f950           Code  Gb  strlen.o [4]
tickCrossingZero2       0x4000'01e4      0x4  Data  Gb  main.o [1]
tickCrossingZero3       0x4000'01e8      0x4  Data  Gb  main.o [1]
timeToPrint             0x4000'016c      0x4  Data  Gb  main.o [1]
timetick                0x4000'01a8      0x4  Data  Gb  main.o [1]
voltageSamples          0x4000'0208      0x4  Data  Gb  main.o [1]
voltageSum              0x4000'01fc      0x4  Data  Gb  main.o [1]
vsprintf                   0x4'f65c     0x5c  Code  Gb  vsprintf.o [2]
waitingForCross2        0x4000'0168      0x4  Data  Gb  main.o [1]
x2                      0x4000'01ac      0x4  Data  Gb  main.o [1]
x2_old                  0x4000'01c4      0x4  Data  Gb  main.o [1]
x2_real                 0x4000'01b0      0x4  Data  Gb  main.o [1]
x3                      0x4000'01b4      0x4  Data  Gb  main.o [1]
x3_old                  0x4000'01c8      0x4  Data  Gb  main.o [1]
x3_real                 0x4000'01b8      0x4  Data  Gb  main.o [1]
xPositionForPrinting    0x4000'0210      0x4  Data  Gb  printing.o [1]
y2_old                  0x4000'01bc      0x4  Data  Gb  main.o [1]
y3_old                  0x4000'01c0      0x4  Data  Gb  main.o [1]
yPositionForPrinting    0x4000'020c      0x4  Data  Gb  printing.o [1]


[1] = C:\Users\s163905\Documents\GitHub\HandOnTheMCU\arm\8.32.2\NXP\LPC24xx\IAR-LPC-2478\evseProject\Flash Debug\Obj
[2] = dl4t_aln.a
[3] = m4t_al.a
[4] = rt4t_al.a
[5] = shs_l.a

   15 538 bytes of readonly  code memory
  319 984 bytes of readonly  data memory
    2 356 bytes of readwrite data memory (+ 368 absolute)

Errors: none
Warnings: none
